// Jest Snapshot v1, https://goo.gl/fbAQLP

exports[`<Footer /> should render the heading 1`] = `
.c0 {
  position: absolute;
  bottom: 0;
  width: 100%;
  height: 10.5rem;
  background: transparent linear-gradient(180deg,#ff0000 0%,#f91e96 100%) 0% 0% no-repeat padding-box;
  display: -webkit-box;
  display: -webkit-flex;
  display: -ms-flexbox;
  display: flex;
  -webkit-align-items: center;
  -webkit-box-align: center;
  -ms-flex-align: center;
  align-items: center;
  -webkit-box-pack: center;
  -webkit-justify-content: center;
  -ms-flex-pack: center;
  justify-content: center;
}

.c1 {
  display: grid;
  grid-template-columns: repeat(4,1fr);
  gap: 40px;
  margin: 0 auto;
}

.c2 {
  width: 30px;
  height: 30px;
}

@media (min-width:768px) {
  .c0 {
    height: 13.5rem;
  }
}

<section
  class="c0"
>
  <div
    class="c1"
  >
    <div
      class=""
    >
      <img
        class="c2"
        src="images/face.svg"
      />
    </div>
    <div
      class=""
    >
      <img
        class="c2"
        src="images/insta.svg"
      />
    </div>
    <div
      class=""
    >
      <img
        class="c2"
        src="images/twitter.svg"
      />
    </div>
    <div
      class=""
    >
      <img
        class="c2"
        src="images/youtube.svg"
      />
    </div>
  </div>
</section>
`
