// Jest Snapshot v1, https://goo.gl/fbAQLP

exports[`<Input /> should render the Input 1`] = `
.c0 {
  width: 100%;
}

.c0 + div {
  margin-top: 10px;
}

.c1 {
  width: 100%;
  height: 5.6rem;
  border: 1px solid #030517;
  padding: 10px;
  border-radius: 6px;
}

.c1:focus {
  outline: none;
  border: 2px solid #F231A5;
}

<div
  class="c0"
>
  <input
    class="c1"
  />
</div>
`
